Watching for file changes with StatReloader
Watching for file changes with StatReloader
Watching for file changes with StatReloader
"GET / HTTP/1.1" 200 7615
Watching for file changes with StatReloader
"GET /finance/ HTTP/1.1" 200 10481
"GET /finance_pl_act/ HTTP/1.1" 200 340998
"GET /act_expense_view/?year=2025&month=5&from_finance_pl_act=true&prop=all HTTP/1.1" 200 5846
Watching for file changes with StatReloader
"GET /finance_pl_act/ HTTP/1.1" 200 340998
"GET /static/css/my_style.css HTTP/1.1" 200 45
"GET /static/images/alivente_online_logo.png HTTP/1.1" 200 58508
Not Found: /favicon.ico
"GET /favicon.ico HTTP/1.1" 404 33420
Watching for file changes with StatReloader
Not Found: /favicon.ico
"GET /favicon.ico HTTP/1.1" 404 33420
"GET /tenant/ HTTP/1.1" 200 26307
C:\Users\DemetrisManias\Desktop\code\djangoproject\pages\views.py changed, reloading.
Watching for file changes with StatReloader
C:\Users\DemetrisManias\Desktop\code\djangoproject\pages\views.py changed, reloading.
Watching for file changes with StatReloader
Watching for file changes with StatReloader
C:\Users\DemetrisManias\Desktop\code\djangoproject\pages\views.py changed, reloading.
Watching for file changes with StatReloader
C:\Users\DemetrisManias\Desktop\code\djangoproject\pages\views.py changed, reloading.
Watching for file changes with StatReloader
"GET /act_expense_all/?from=home HTTP/1.1" 200 38087
"GET /act_expense_add/ HTTP/1.1" 200 6516
"POST /act_expense_commit/ HTTP/1.1" 302 0
"GET /act_expense_all/ HTTP/1.1" 200 41136
C:\Users\DemetrisManias\Desktop\code\djangoproject\pages\views.py changed, reloading.
Watching for file changes with StatReloader
"POST /mark_deleted/18 HTTP/1.1" 302 0
"GET /act_expense_all/ HTTP/1.1" 200 38791
"GET /act_expense_add/ HTTP/1.1" 200 6516
"POST /act_expense_commit/ HTTP/1.1" 302 0
"GET /act_expense_all/ HTTP/1.1" 200 41126
"POST /mark_approved/19 HTTP/1.1" 302 0
"GET /act_expense_all/ HTTP/1.1" 200 40962
"POST /mark_deleted/19 HTTP/1.1" 302 0
"GET /act_expense_all/ HTTP/1.1" 200 38791
C:\Users\DemetrisManias\Desktop\code\djangoproject\pages\views.py changed, reloading.
Watching for file changes with StatReloader
