ERROR 2025-09-25 08:51:55,322 log 37884 27884 Internal Server Error: /admin_apms/
Traceback (most recent call last):
  File "C:\users\demet\onedrive\desktop\pythonapps\alivente-online\code\Lib\site-packages\django\core\handlers\exception.py", line 55, in inner
    response = get_response(request)
               ^^^^^^^^^^^^^^^^^^^^^
  File "C:\users\demet\onedrive\desktop\pythonapps\alivente-online\code\Lib\site-packages\django\core\handlers\base.py", line 197, in _get_response
    response = wrapped_callback(request, *callback_args, **callback_kwargs)
               ^^^^^^^^^^^^^^^^^^^^^^^^^^^^^^^^^^^^^^^^^^^^^^^^^^^^^^^^^^^^
  File "C:\users\demet\onedrive\desktop\pythonapps\alivente-online\code\Lib\site-packages\django\contrib\auth\decorators.py", line 60, in _view_wrapper
    return view_func(request, *args, **kwargs)
           ^^^^^^^^^^^^^^^^^^^^^^^^^^^^^^^^^^^
  File "C:\users\demet\onedrive\desktop\pythonapps\alivente-online\pages\views.py", line 2137, in admin_apms
    return render(request, "admin_apms.html", {
           ^^^^^^^^^^^^^^^^^^^^^^^^^^^^^^^^^^^^
  File "C:\users\demet\onedrive\desktop\pythonapps\alivente-online\code\Lib\site-packages\django\shortcuts.py", line 25, in render
    content = loader.render_to_string(template_name, context, request, using=using)
              ^^^^^^^^^^^^^^^^^^^^^^^^^^^^^^^^^^^^^^^^^^^^^^^^^^^^^^^^^^^^^^^^^^^^^
  File "C:\users\demet\onedrive\desktop\pythonapps\alivente-online\code\Lib\site-packages\django\template\loader.py", line 62, in render_to_string
    return template.render(context, request)
           ^^^^^^^^^^^^^^^^^^^^^^^^^^^^^^^^^
  File "C:\users\demet\onedrive\desktop\pythonapps\alivente-online\code\Lib\site-packages\django\template\backends\django.py", line 107, in render
    return self.template.render(context)
           ^^^^^^^^^^^^^^^^^^^^^^^^^^^^^
  File "C:\users\demet\onedrive\desktop\pythonapps\alivente-online\code\Lib\site-packages\django\template\base.py", line 171, in render
    return self._render(context)
           ^^^^^^^^^^^^^^^^^^^^^
  File "C:\users\demet\onedrive\desktop\pythonapps\alivente-online\code\Lib\site-packages\django\template\base.py", line 163, in _render
    return self.nodelist.render(context)
           ^^^^^^^^^^^^^^^^^^^^^^^^^^^^^
  File "C:\users\demet\onedrive\desktop\pythonapps\alivente-online\code\Lib\site-packages\django\template\base.py", line 1008, in render
    return SafeString("".join([node.render_annotated(context) for node in self]))
                               ^^^^^^^^^^^^^^^^^^^^^^^^^^^^^^
  File "C:\users\demet\onedrive\desktop\pythonapps\alivente-online\code\Lib\site-packages\django\template\base.py", line 969, in render_annotated
    return self.render(context)
           ^^^^^^^^^^^^^^^^^^^^
  File "C:\users\demet\onedrive\desktop\pythonapps\alivente-online\code\Lib\site-packages\django\template\loader_tags.py", line 159, in render
    return compiled_parent._render(context)
           ^^^^^^^^^^^^^^^^^^^^^^^^^^^^^^^^
  File "C:\users\demet\onedrive\desktop\pythonapps\alivente-online\code\Lib\site-packages\django\template\base.py", line 163, in _render
    return self.nodelist.render(context)
           ^^^^^^^^^^^^^^^^^^^^^^^^^^^^^
  File "C:\users\demet\onedrive\desktop\pythonapps\alivente-online\code\Lib\site-packages\django\template\base.py", line 1008, in render
    return SafeString("".join([node.render_annotated(context) for node in self]))
                               ^^^^^^^^^^^^^^^^^^^^^^^^^^^^^^
  File "C:\users\demet\onedrive\desktop\pythonapps\alivente-online\code\Lib\site-packages\django\template\base.py", line 969, in render_annotated
    return self.render(context)
           ^^^^^^^^^^^^^^^^^^^^
  File "C:\users\demet\onedrive\desktop\pythonapps\alivente-online\code\Lib\site-packages\django\template\loader_tags.py", line 65, in render
    result = block.nodelist.render(context)
             ^^^^^^^^^^^^^^^^^^^^^^^^^^^^^^
  File "C:\users\demet\onedrive\desktop\pythonapps\alivente-online\code\Lib\site-packages\django\template\base.py", line 1008, in render
    return SafeString("".join([node.render_annotated(context) for node in self]))
                               ^^^^^^^^^^^^^^^^^^^^^^^^^^^^^^
  File "C:\users\demet\onedrive\desktop\pythonapps\alivente-online\code\Lib\site-packages\django\template\base.py", line 969, in render_annotated
    return self.render(context)
           ^^^^^^^^^^^^^^^^^^^^
  File "C:\users\demet\onedrive\desktop\pythonapps\alivente-online\code\Lib\site-packages\django\template\defaulttags.py", line 327, in render
    return nodelist.render(context)
           ^^^^^^^^^^^^^^^^^^^^^^^^
  File "C:\users\demet\onedrive\desktop\pythonapps\alivente-online\code\Lib\site-packages\django\template\base.py", line 1008, in render
    return SafeString("".join([node.render_annotated(context) for node in self]))
                               ^^^^^^^^^^^^^^^^^^^^^^^^^^^^^^
  File "C:\users\demet\onedrive\desktop\pythonapps\alivente-online\code\Lib\site-packages\django\template\base.py", line 969, in render_annotated
    return self.render(context)
           ^^^^^^^^^^^^^^^^^^^^
  File "C:\users\demet\onedrive\desktop\pythonapps\alivente-online\code\Lib\site-packages\django\template\defaulttags.py", line 480, in render
    url = reverse(view_name, args=args, kwargs=kwargs, current_app=current_app)
          ^^^^^^^^^^^^^^^^^^^^^^^^^^^^^^^^^^^^^^^^^^^^^^^^^^^^^^^^^^^^^^^^^^^^^
  File "C:\users\demet\onedrive\desktop\pythonapps\alivente-online\code\Lib\site-packages\django\urls\base.py", line 88, in reverse
    return resolver._reverse_with_prefix(view, prefix, *args, **kwargs)
           ^^^^^^^^^^^^^^^^^^^^^^^^^^^^^^^^^^^^^^^^^^^^^^^^^^^^^^^^^^^^
  File "C:\users\demet\onedrive\desktop\pythonapps\alivente-online\code\Lib\site-packages\django\urls\resolvers.py", line 831, in _reverse_with_prefix
    raise NoReverseMatch(msg)
django.urls.exceptions.NoReverseMatch: Reverse for 'generate_lease_agreement' not found. 'generate_lease_agreement' is not a valid view function or pattern name.
ERROR 2025-09-25 08:51:55,340 basehttp 37884 27884 "GET /admin_apms/ HTTP/1.1" 500 190956
ERROR 2025-09-25 09:39:46,194 log 7572 38364 Internal Server Error: /generate-lease-agreement/
Traceback (most recent call last):
  File "C:\users\demet\onedrive\desktop\pythonapps\alivente-online\code\Lib\site-packages\django\core\handlers\exception.py", line 55, in inner
    response = get_response(request)
               ^^^^^^^^^^^^^^^^^^^^^
  File "C:\users\demet\onedrive\desktop\pythonapps\alivente-online\code\Lib\site-packages\django\core\handlers\base.py", line 197, in _get_response
    response = wrapped_callback(request, *callback_args, **callback_kwargs)
               ^^^^^^^^^^^^^^^^^^^^^^^^^^^^^^^^^^^^^^^^^^^^^^^^^^^^^^^^^^^^
  File "C:\users\demet\onedrive\desktop\pythonapps\alivente-online\code\Lib\site-packages\django\contrib\auth\decorators.py", line 60, in _view_wrapper
    return view_func(request, *args, **kwargs)
           ^^^^^^^^^^^^^^^^^^^^^^^^^^^^^^^^^^^
  File "C:\users\demet\onedrive\desktop\pythonapps\alivente-online\code\Lib\site-packages\django\contrib\auth\decorators.py", line 60, in _view_wrapper
    return view_func(request, *args, **kwargs)
           ^^^^^^^^^^^^^^^^^^^^^^^^^^^^^^^^^^^
  File "C:\users\demet\onedrive\desktop\pythonapps\alivente-online\pages\views.py", line 160, in generate_lease_agreement_view
    return render(request, 'generate_lease_agreement.html', context)
           ^^^^^^^^^^^^^^^^^^^^^^^^^^^^^^^^^^^^^^^^^^^^^^^^^^^^^^^^^
  File "C:\users\demet\onedrive\desktop\pythonapps\alivente-online\code\Lib\site-packages\django\shortcuts.py", line 25, in render
    content = loader.render_to_string(template_name, context, request, using=using)
              ^^^^^^^^^^^^^^^^^^^^^^^^^^^^^^^^^^^^^^^^^^^^^^^^^^^^^^^^^^^^^^^^^^^^^
  File "C:\users\demet\onedrive\desktop\pythonapps\alivente-online\code\Lib\site-packages\django\template\loader.py", line 62, in render_to_string
    return template.render(context, request)
           ^^^^^^^^^^^^^^^^^^^^^^^^^^^^^^^^^
  File "C:\users\demet\onedrive\desktop\pythonapps\alivente-online\code\Lib\site-packages\django\template\backends\django.py", line 107, in render
    return self.template.render(context)
           ^^^^^^^^^^^^^^^^^^^^^^^^^^^^^
  File "C:\users\demet\onedrive\desktop\pythonapps\alivente-online\code\Lib\site-packages\django\template\base.py", line 171, in render
    return self._render(context)
           ^^^^^^^^^^^^^^^^^^^^^
  File "C:\users\demet\onedrive\desktop\pythonapps\alivente-online\code\Lib\site-packages\django\template\base.py", line 163, in _render
    return self.nodelist.render(context)
           ^^^^^^^^^^^^^^^^^^^^^^^^^^^^^
  File "C:\users\demet\onedrive\desktop\pythonapps\alivente-online\code\Lib\site-packages\django\template\base.py", line 1008, in render
    return SafeString("".join([node.render_annotated(context) for node in self]))
                               ^^^^^^^^^^^^^^^^^^^^^^^^^^^^^^
  File "C:\users\demet\onedrive\desktop\pythonapps\alivente-online\code\Lib\site-packages\django\template\base.py", line 969, in render_annotated
    return self.render(context)
           ^^^^^^^^^^^^^^^^^^^^
  File "C:\users\demet\onedrive\desktop\pythonapps\alivente-online\code\Lib\site-packages\django\template\loader_tags.py", line 159, in render
    return compiled_parent._render(context)
           ^^^^^^^^^^^^^^^^^^^^^^^^^^^^^^^^
  File "C:\users\demet\onedrive\desktop\pythonapps\alivente-online\code\Lib\site-packages\django\template\base.py", line 163, in _render
    return self.nodelist.render(context)
           ^^^^^^^^^^^^^^^^^^^^^^^^^^^^^
  File "C:\users\demet\onedrive\desktop\pythonapps\alivente-online\code\Lib\site-packages\django\template\base.py", line 1008, in render
    return SafeString("".join([node.render_annotated(context) for node in self]))
                               ^^^^^^^^^^^^^^^^^^^^^^^^^^^^^^
  File "C:\users\demet\onedrive\desktop\pythonapps\alivente-online\code\Lib\site-packages\django\template\base.py", line 969, in render_annotated
    return self.render(context)
           ^^^^^^^^^^^^^^^^^^^^
  File "C:\users\demet\onedrive\desktop\pythonapps\alivente-online\code\Lib\site-packages\django\template\loader_tags.py", line 65, in render
    result = block.nodelist.render(context)
             ^^^^^^^^^^^^^^^^^^^^^^^^^^^^^^
  File "C:\users\demet\onedrive\desktop\pythonapps\alivente-online\code\Lib\site-packages\django\template\base.py", line 1008, in render
    return SafeString("".join([node.render_annotated(context) for node in self]))
                               ^^^^^^^^^^^^^^^^^^^^^^^^^^^^^^
  File "C:\users\demet\onedrive\desktop\pythonapps\alivente-online\code\Lib\site-packages\django\template\base.py", line 969, in render_annotated
    return self.render(context)
           ^^^^^^^^^^^^^^^^^^^^
  File "C:\users\demet\onedrive\desktop\pythonapps\alivente-online\code\Lib\site-packages\django\template\defaulttags.py", line 480, in render
    url = reverse(view_name, args=args, kwargs=kwargs, current_app=current_app)
          ^^^^^^^^^^^^^^^^^^^^^^^^^^^^^^^^^^^^^^^^^^^^^^^^^^^^^^^^^^^^^^^^^^^^^
  File "C:\users\demet\onedrive\desktop\pythonapps\alivente-online\code\Lib\site-packages\django\urls\base.py", line 88, in reverse
    return resolver._reverse_with_prefix(view, prefix, *args, **kwargs)
           ^^^^^^^^^^^^^^^^^^^^^^^^^^^^^^^^^^^^^^^^^^^^^^^^^^^^^^^^^^^^
  File "C:\users\demet\onedrive\desktop\pythonapps\alivente-online\code\Lib\site-packages\django\urls\resolvers.py", line 831, in _reverse_with_prefix
    raise NoReverseMatch(msg)
django.urls.exceptions.NoReverseMatch: Reverse for 'administration' not found. 'administration' is not a valid view function or pattern name.
ERROR 2025-09-25 09:39:46,206 basehttp 7572 38364 "GET /generate-lease-agreement/ HTTP/1.1" 500 180098
ERROR 2025-09-25 09:44:52,221 log 26292 39612 Internal Server Error: /generate-lease-agreement/
Traceback (most recent call last):
  File "C:\users\demet\onedrive\desktop\pythonapps\alivente-online\code\Lib\site-packages\django\core\handlers\exception.py", line 55, in inner
    response = get_response(request)
               ^^^^^^^^^^^^^^^^^^^^^
  File "C:\users\demet\onedrive\desktop\pythonapps\alivente-online\code\Lib\site-packages\django\core\handlers\base.py", line 197, in _get_response
    response = wrapped_callback(request, *callback_args, **callback_kwargs)
               ^^^^^^^^^^^^^^^^^^^^^^^^^^^^^^^^^^^^^^^^^^^^^^^^^^^^^^^^^^^^
  File "C:\users\demet\onedrive\desktop\pythonapps\alivente-online\code\Lib\site-packages\django\contrib\auth\decorators.py", line 60, in _view_wrapper
    return view_func(request, *args, **kwargs)
           ^^^^^^^^^^^^^^^^^^^^^^^^^^^^^^^^^^^
  File "C:\users\demet\onedrive\desktop\pythonapps\alivente-online\code\Lib\site-packages\django\contrib\auth\decorators.py", line 60, in _view_wrapper
    return view_func(request, *args, **kwargs)
           ^^^^^^^^^^^^^^^^^^^^^^^^^^^^^^^^^^^
  File "C:\users\demet\onedrive\desktop\pythonapps\alivente-online\pages\views.py", line 160, in generate_lease_agreement_view
    return render(request, 'generate_lease_agreement.html', context)
           ^^^^^^^^^^^^^^^^^^^^^^^^^^^^^^^^^^^^^^^^^^^^^^^^^^^^^^^^^
  File "C:\users\demet\onedrive\desktop\pythonapps\alivente-online\code\Lib\site-packages\django\shortcuts.py", line 25, in render
    content = loader.render_to_string(template_name, context, request, using=using)
              ^^^^^^^^^^^^^^^^^^^^^^^^^^^^^^^^^^^^^^^^^^^^^^^^^^^^^^^^^^^^^^^^^^^^^
  File "C:\users\demet\onedrive\desktop\pythonapps\alivente-online\code\Lib\site-packages\django\template\loader.py", line 62, in render_to_string
    return template.render(context, request)
           ^^^^^^^^^^^^^^^^^^^^^^^^^^^^^^^^^
  File "C:\users\demet\onedrive\desktop\pythonapps\alivente-online\code\Lib\site-packages\django\template\backends\django.py", line 107, in render
    return self.template.render(context)
           ^^^^^^^^^^^^^^^^^^^^^^^^^^^^^
  File "C:\users\demet\onedrive\desktop\pythonapps\alivente-online\code\Lib\site-packages\django\template\base.py", line 171, in render
    return self._render(context)
           ^^^^^^^^^^^^^^^^^^^^^
  File "C:\users\demet\onedrive\desktop\pythonapps\alivente-online\code\Lib\site-packages\django\template\base.py", line 163, in _render
    return self.nodelist.render(context)
           ^^^^^^^^^^^^^^^^^^^^^^^^^^^^^
  File "C:\users\demet\onedrive\desktop\pythonapps\alivente-online\code\Lib\site-packages\django\template\base.py", line 1008, in render
    return SafeString("".join([node.render_annotated(context) for node in self]))
                               ^^^^^^^^^^^^^^^^^^^^^^^^^^^^^^
  File "C:\users\demet\onedrive\desktop\pythonapps\alivente-online\code\Lib\site-packages\django\template\base.py", line 969, in render_annotated
    return self.render(context)
           ^^^^^^^^^^^^^^^^^^^^
  File "C:\users\demet\onedrive\desktop\pythonapps\alivente-online\code\Lib\site-packages\django\template\loader_tags.py", line 159, in render
    return compiled_parent._render(context)
           ^^^^^^^^^^^^^^^^^^^^^^^^^^^^^^^^
  File "C:\users\demet\onedrive\desktop\pythonapps\alivente-online\code\Lib\site-packages\django\template\base.py", line 163, in _render
    return self.nodelist.render(context)
           ^^^^^^^^^^^^^^^^^^^^^^^^^^^^^
  File "C:\users\demet\onedrive\desktop\pythonapps\alivente-online\code\Lib\site-packages\django\template\base.py", line 1008, in render
    return SafeString("".join([node.render_annotated(context) for node in self]))
                               ^^^^^^^^^^^^^^^^^^^^^^^^^^^^^^
  File "C:\users\demet\onedrive\desktop\pythonapps\alivente-online\code\Lib\site-packages\django\template\base.py", line 969, in render_annotated
    return self.render(context)
           ^^^^^^^^^^^^^^^^^^^^
  File "C:\users\demet\onedrive\desktop\pythonapps\alivente-online\code\Lib\site-packages\django\template\loader_tags.py", line 65, in render
    result = block.nodelist.render(context)
             ^^^^^^^^^^^^^^^^^^^^^^^^^^^^^^
  File "C:\users\demet\onedrive\desktop\pythonapps\alivente-online\code\Lib\site-packages\django\template\base.py", line 1008, in render
    return SafeString("".join([node.render_annotated(context) for node in self]))
                               ^^^^^^^^^^^^^^^^^^^^^^^^^^^^^^
  File "C:\users\demet\onedrive\desktop\pythonapps\alivente-online\code\Lib\site-packages\django\template\base.py", line 969, in render_annotated
    return self.render(context)
           ^^^^^^^^^^^^^^^^^^^^
  File "C:\users\demet\onedrive\desktop\pythonapps\alivente-online\code\Lib\site-packages\django\template\defaulttags.py", line 480, in render
    url = reverse(view_name, args=args, kwargs=kwargs, current_app=current_app)
          ^^^^^^^^^^^^^^^^^^^^^^^^^^^^^^^^^^^^^^^^^^^^^^^^^^^^^^^^^^^^^^^^^^^^^
  File "C:\users\demet\onedrive\desktop\pythonapps\alivente-online\code\Lib\site-packages\django\urls\base.py", line 88, in reverse
    return resolver._reverse_with_prefix(view, prefix, *args, **kwargs)
           ^^^^^^^^^^^^^^^^^^^^^^^^^^^^^^^^^^^^^^^^^^^^^^^^^^^^^^^^^^^^
  File "C:\users\demet\onedrive\desktop\pythonapps\alivente-online\code\Lib\site-packages\django\urls\resolvers.py", line 831, in _reverse_with_prefix
    raise NoReverseMatch(msg)
django.urls.exceptions.NoReverseMatch: Reverse for 'administration' not found. 'administration' is not a valid view function or pattern name.
ERROR 2025-09-25 09:44:52,230 basehttp 26292 39612 "GET /generate-lease-agreement/ HTTP/1.1" 500 180098
ERROR 2025-09-25 09:45:31,834 log 26292 39612 Internal Server Error: /admin_invoices/
Traceback (most recent call last):
  File "C:\users\demet\onedrive\desktop\pythonapps\alivente-online\code\Lib\site-packages\django\core\handlers\exception.py", line 55, in inner
    response = get_response(request)
               ^^^^^^^^^^^^^^^^^^^^^
  File "C:\users\demet\onedrive\desktop\pythonapps\alivente-online\code\Lib\site-packages\django\core\handlers\base.py", line 197, in _get_response
    response = wrapped_callback(request, *callback_args, **callback_kwargs)
               ^^^^^^^^^^^^^^^^^^^^^^^^^^^^^^^^^^^^^^^^^^^^^^^^^^^^^^^^^^^^
  File "C:\users\demet\onedrive\desktop\pythonapps\alivente-online\code\Lib\site-packages\django\contrib\auth\decorators.py", line 60, in _view_wrapper
    return view_func(request, *args, **kwargs)
           ^^^^^^^^^^^^^^^^^^^^^^^^^^^^^^^^^^^
  File "C:\users\demet\onedrive\desktop\pythonapps\alivente-online\pages\views.py", line 2817, in admin_invoices
    open_invoices.create_invoices(months[today.month],today.year,request)
  File "C:\users\demet\onedrive\desktop\pythonapps\alivente-online\open_invoices.py", line 120, in create_invoices
    auth_plugin=settings.DATABASES['default']['AUTH_PLUGIN'],
                ~~~~~~~~~~~~~~~~~~~~~~~~~~~~~^^^^^^^^^^^^^^^
KeyError: 'AUTH_PLUGIN'
ERROR 2025-09-25 09:45:31,837 basehttp 26292 39612 "GET /admin_invoices/ HTTP/1.1" 500 81489
ERROR 2025-09-25 09:46:00,547 log 26292 39612 Internal Server Error: /generate-lease-agreement/
Traceback (most recent call last):
  File "C:\users\demet\onedrive\desktop\pythonapps\alivente-online\code\Lib\site-packages\django\core\handlers\exception.py", line 55, in inner
    response = get_response(request)
               ^^^^^^^^^^^^^^^^^^^^^
  File "C:\users\demet\onedrive\desktop\pythonapps\alivente-online\code\Lib\site-packages\django\core\handlers\base.py", line 197, in _get_response
    response = wrapped_callback(request, *callback_args, **callback_kwargs)
               ^^^^^^^^^^^^^^^^^^^^^^^^^^^^^^^^^^^^^^^^^^^^^^^^^^^^^^^^^^^^
  File "C:\users\demet\onedrive\desktop\pythonapps\alivente-online\code\Lib\site-packages\django\contrib\auth\decorators.py", line 60, in _view_wrapper
    return view_func(request, *args, **kwargs)
           ^^^^^^^^^^^^^^^^^^^^^^^^^^^^^^^^^^^
  File "C:\users\demet\onedrive\desktop\pythonapps\alivente-online\code\Lib\site-packages\django\contrib\auth\decorators.py", line 60, in _view_wrapper
    return view_func(request, *args, **kwargs)
           ^^^^^^^^^^^^^^^^^^^^^^^^^^^^^^^^^^^
  File "C:\users\demet\onedrive\desktop\pythonapps\alivente-online\pages\views.py", line 160, in generate_lease_agreement_view
    return render(request, 'generate_lease_agreement.html', context)
           ^^^^^^^^^^^^^^^^^^^^^^^^^^^^^^^^^^^^^^^^^^^^^^^^^^^^^^^^^
  File "C:\users\demet\onedrive\desktop\pythonapps\alivente-online\code\Lib\site-packages\django\shortcuts.py", line 25, in render
    content = loader.render_to_string(template_name, context, request, using=using)
              ^^^^^^^^^^^^^^^^^^^^^^^^^^^^^^^^^^^^^^^^^^^^^^^^^^^^^^^^^^^^^^^^^^^^^
  File "C:\users\demet\onedrive\desktop\pythonapps\alivente-online\code\Lib\site-packages\django\template\loader.py", line 62, in render_to_string
    return template.render(context, request)
           ^^^^^^^^^^^^^^^^^^^^^^^^^^^^^^^^^
  File "C:\users\demet\onedrive\desktop\pythonapps\alivente-online\code\Lib\site-packages\django\template\backends\django.py", line 107, in render
    return self.template.render(context)
           ^^^^^^^^^^^^^^^^^^^^^^^^^^^^^
  File "C:\users\demet\onedrive\desktop\pythonapps\alivente-online\code\Lib\site-packages\django\template\base.py", line 171, in render
    return self._render(context)
           ^^^^^^^^^^^^^^^^^^^^^
  File "C:\users\demet\onedrive\desktop\pythonapps\alivente-online\code\Lib\site-packages\django\template\base.py", line 163, in _render
    return self.nodelist.render(context)
           ^^^^^^^^^^^^^^^^^^^^^^^^^^^^^
  File "C:\users\demet\onedrive\desktop\pythonapps\alivente-online\code\Lib\site-packages\django\template\base.py", line 1008, in render
    return SafeString("".join([node.render_annotated(context) for node in self]))
                               ^^^^^^^^^^^^^^^^^^^^^^^^^^^^^^
  File "C:\users\demet\onedrive\desktop\pythonapps\alivente-online\code\Lib\site-packages\django\template\base.py", line 969, in render_annotated
    return self.render(context)
           ^^^^^^^^^^^^^^^^^^^^
  File "C:\users\demet\onedrive\desktop\pythonapps\alivente-online\code\Lib\site-packages\django\template\loader_tags.py", line 159, in render
    return compiled_parent._render(context)
           ^^^^^^^^^^^^^^^^^^^^^^^^^^^^^^^^
  File "C:\users\demet\onedrive\desktop\pythonapps\alivente-online\code\Lib\site-packages\django\template\base.py", line 163, in _render
    return self.nodelist.render(context)
           ^^^^^^^^^^^^^^^^^^^^^^^^^^^^^
  File "C:\users\demet\onedrive\desktop\pythonapps\alivente-online\code\Lib\site-packages\django\template\base.py", line 1008, in render
    return SafeString("".join([node.render_annotated(context) for node in self]))
                               ^^^^^^^^^^^^^^^^^^^^^^^^^^^^^^
  File "C:\users\demet\onedrive\desktop\pythonapps\alivente-online\code\Lib\site-packages\django\template\base.py", line 969, in render_annotated
    return self.render(context)
           ^^^^^^^^^^^^^^^^^^^^
  File "C:\users\demet\onedrive\desktop\pythonapps\alivente-online\code\Lib\site-packages\django\template\loader_tags.py", line 65, in render
    result = block.nodelist.render(context)
             ^^^^^^^^^^^^^^^^^^^^^^^^^^^^^^
  File "C:\users\demet\onedrive\desktop\pythonapps\alivente-online\code\Lib\site-packages\django\template\base.py", line 1008, in render
    return SafeString("".join([node.render_annotated(context) for node in self]))
                               ^^^^^^^^^^^^^^^^^^^^^^^^^^^^^^
  File "C:\users\demet\onedrive\desktop\pythonapps\alivente-online\code\Lib\site-packages\django\template\base.py", line 969, in render_annotated
    return self.render(context)
           ^^^^^^^^^^^^^^^^^^^^
  File "C:\users\demet\onedrive\desktop\pythonapps\alivente-online\code\Lib\site-packages\django\template\defaulttags.py", line 480, in render
    url = reverse(view_name, args=args, kwargs=kwargs, current_app=current_app)
          ^^^^^^^^^^^^^^^^^^^^^^^^^^^^^^^^^^^^^^^^^^^^^^^^^^^^^^^^^^^^^^^^^^^^^
  File "C:\users\demet\onedrive\desktop\pythonapps\alivente-online\code\Lib\site-packages\django\urls\base.py", line 88, in reverse
    return resolver._reverse_with_prefix(view, prefix, *args, **kwargs)
           ^^^^^^^^^^^^^^^^^^^^^^^^^^^^^^^^^^^^^^^^^^^^^^^^^^^^^^^^^^^^
  File "C:\users\demet\onedrive\desktop\pythonapps\alivente-online\code\Lib\site-packages\django\urls\resolvers.py", line 831, in _reverse_with_prefix
    raise NoReverseMatch(msg)
django.urls.exceptions.NoReverseMatch: Reverse for 'administration' not found. 'administration' is not a valid view function or pattern name.
ERROR 2025-09-25 09:46:00,547 basehttp 26292 39612 "GET /generate-lease-agreement/ HTTP/1.1" 500 180098
ERROR 2025-09-25 10:23:57,370 log 41472 31008 Internal Server Error: /generate-lease-agreement/
Traceback (most recent call last):
  File "C:\users\demet\onedrive\desktop\pythonapps\alivente-online\code\Lib\site-packages\django\core\handlers\exception.py", line 55, in inner
    response = get_response(request)
               ^^^^^^^^^^^^^^^^^^^^^
  File "C:\users\demet\onedrive\desktop\pythonapps\alivente-online\code\Lib\site-packages\django\core\handlers\base.py", line 197, in _get_response
    response = wrapped_callback(request, *callback_args, **callback_kwargs)
               ^^^^^^^^^^^^^^^^^^^^^^^^^^^^^^^^^^^^^^^^^^^^^^^^^^^^^^^^^^^^
  File "C:\users\demet\onedrive\desktop\pythonapps\alivente-online\code\Lib\site-packages\django\contrib\auth\decorators.py", line 60, in _view_wrapper
    return view_func(request, *args, **kwargs)
           ^^^^^^^^^^^^^^^^^^^^^^^^^^^^^^^^^^^
  File "C:\users\demet\onedrive\desktop\pythonapps\alivente-online\code\Lib\site-packages\django\contrib\auth\decorators.py", line 60, in _view_wrapper
    return view_func(request, *args, **kwargs)
           ^^^^^^^^^^^^^^^^^^^^^^^^^^^^^^^^^^^
  File "C:\users\demet\onedrive\desktop\pythonapps\alivente-online\pages\views.py", line 160, in generate_lease_agreement_view
    return render(request, 'generate_lease_agreement.html', context)
           ^^^^^^^^^^^^^^^^^^^^^^^^^^^^^^^^^^^^^^^^^^^^^^^^^^^^^^^^^
  File "C:\users\demet\onedrive\desktop\pythonapps\alivente-online\code\Lib\site-packages\django\shortcuts.py", line 25, in render
    content = loader.render_to_string(template_name, context, request, using=using)
              ^^^^^^^^^^^^^^^^^^^^^^^^^^^^^^^^^^^^^^^^^^^^^^^^^^^^^^^^^^^^^^^^^^^^^
  File "C:\users\demet\onedrive\desktop\pythonapps\alivente-online\code\Lib\site-packages\django\template\loader.py", line 62, in render_to_string
    return template.render(context, request)
           ^^^^^^^^^^^^^^^^^^^^^^^^^^^^^^^^^
  File "C:\users\demet\onedrive\desktop\pythonapps\alivente-online\code\Lib\site-packages\django\template\backends\django.py", line 107, in render
    return self.template.render(context)
           ^^^^^^^^^^^^^^^^^^^^^^^^^^^^^
  File "C:\users\demet\onedrive\desktop\pythonapps\alivente-online\code\Lib\site-packages\django\template\base.py", line 171, in render
    return self._render(context)
           ^^^^^^^^^^^^^^^^^^^^^
  File "C:\users\demet\onedrive\desktop\pythonapps\alivente-online\code\Lib\site-packages\django\template\base.py", line 163, in _render
    return self.nodelist.render(context)
           ^^^^^^^^^^^^^^^^^^^^^^^^^^^^^
  File "C:\users\demet\onedrive\desktop\pythonapps\alivente-online\code\Lib\site-packages\django\template\base.py", line 1008, in render
    return SafeString("".join([node.render_annotated(context) for node in self]))
                               ^^^^^^^^^^^^^^^^^^^^^^^^^^^^^^
  File "C:\users\demet\onedrive\desktop\pythonapps\alivente-online\code\Lib\site-packages\django\template\base.py", line 969, in render_annotated
    return self.render(context)
           ^^^^^^^^^^^^^^^^^^^^
  File "C:\users\demet\onedrive\desktop\pythonapps\alivente-online\code\Lib\site-packages\django\template\loader_tags.py", line 159, in render
    return compiled_parent._render(context)
           ^^^^^^^^^^^^^^^^^^^^^^^^^^^^^^^^
  File "C:\users\demet\onedrive\desktop\pythonapps\alivente-online\code\Lib\site-packages\django\template\base.py", line 163, in _render
    return self.nodelist.render(context)
           ^^^^^^^^^^^^^^^^^^^^^^^^^^^^^
  File "C:\users\demet\onedrive\desktop\pythonapps\alivente-online\code\Lib\site-packages\django\template\base.py", line 1008, in render
    return SafeString("".join([node.render_annotated(context) for node in self]))
                               ^^^^^^^^^^^^^^^^^^^^^^^^^^^^^^
  File "C:\users\demet\onedrive\desktop\pythonapps\alivente-online\code\Lib\site-packages\django\template\base.py", line 969, in render_annotated
    return self.render(context)
           ^^^^^^^^^^^^^^^^^^^^
  File "C:\users\demet\onedrive\desktop\pythonapps\alivente-online\code\Lib\site-packages\django\template\loader_tags.py", line 65, in render
    result = block.nodelist.render(context)
             ^^^^^^^^^^^^^^^^^^^^^^^^^^^^^^
  File "C:\users\demet\onedrive\desktop\pythonapps\alivente-online\code\Lib\site-packages\django\template\base.py", line 1008, in render
    return SafeString("".join([node.render_annotated(context) for node in self]))
                               ^^^^^^^^^^^^^^^^^^^^^^^^^^^^^^
  File "C:\users\demet\onedrive\desktop\pythonapps\alivente-online\code\Lib\site-packages\django\template\base.py", line 969, in render_annotated
    return self.render(context)
           ^^^^^^^^^^^^^^^^^^^^
  File "C:\users\demet\onedrive\desktop\pythonapps\alivente-online\code\Lib\site-packages\django\template\defaulttags.py", line 480, in render
    url = reverse(view_name, args=args, kwargs=kwargs, current_app=current_app)
          ^^^^^^^^^^^^^^^^^^^^^^^^^^^^^^^^^^^^^^^^^^^^^^^^^^^^^^^^^^^^^^^^^^^^^
  File "C:\users\demet\onedrive\desktop\pythonapps\alivente-online\code\Lib\site-packages\django\urls\base.py", line 88, in reverse
    return resolver._reverse_with_prefix(view, prefix, *args, **kwargs)
           ^^^^^^^^^^^^^^^^^^^^^^^^^^^^^^^^^^^^^^^^^^^^^^^^^^^^^^^^^^^^
  File "C:\users\demet\onedrive\desktop\pythonapps\alivente-online\code\Lib\site-packages\django\urls\resolvers.py", line 831, in _reverse_with_prefix
    raise NoReverseMatch(msg)
django.urls.exceptions.NoReverseMatch: Reverse for 'administration' not found. 'administration' is not a valid view function or pattern name.
ERROR 2025-09-25 10:23:57,387 basehttp 41472 31008 "GET /generate-lease-agreement/ HTTP/1.1" 500 180098
ERROR 2025-09-25 15:55:27,751 views 32032 35448 Template file not found: C:\Users\demet\OneDrive\Desktop\PythonApps\Alivente-Online\templates\lease_templates/cyprus_english_lease_template.docx
ERROR 2025-09-25 17:03:44,108 views 32032 42576 Template file not found: C:\Users\demet\OneDrive\Desktop\PythonApps\Alivente-Online\templates\lease_templates/cyprus_english_lease_template.docx
ERROR 2025-09-26 07:39:45,339 views 21132 11548 Error in generate_lease_document: Package not found at 'C:\Users\demet\OneDrive\Desktop\PythonApps\Alivente-Online\pages\templates\lease_templates/cyprus_english_lease_template.docx'
ERROR 2025-09-26 07:45:41,314 views 21132 11548 Error in generate_lease_document: Package not found at 'C:\Users\demet\OneDrive\Desktop\PythonApps\Alivente-Online\pages\templates\lease_templates/cyprus_english_lease_template.docx'
ERROR 2025-09-26 11:57:09,879 views 21132 19272 Error in generate_lease_document: Package not found at 'C:\Users\demet\OneDrive\Desktop\PythonApps\Alivente-Online\pages\templates\lease_templates/cyprus_english_lease_template.docx'
ERROR 2025-09-26 14:04:09,570 views 21132 22824 Error in generate_lease_document: Package not found at 'C:\Users\demet\OneDrive\Desktop\PythonApps\Alivente-Online\pages\templates\lease_templates/cyprus_english_lease_template.docx'
ERROR 2025-09-26 22:10:05,203 views 38008 40816 Error in generate_lease_document: Package not found at 'C:\Users\demet\OneDrive\Desktop\PythonApps\Alivente-Online\pages\templates\lease_templates/cyprus_english_lease_template.docx'
ERROR 2025-09-26 22:56:36,174 log 12828 44560 Internal Server Error: /admin_invoices/
Traceback (most recent call last):
  File "C:\users\demet\onedrive\desktop\pythonapps\alivente-online\code\Lib\site-packages\django\core\handlers\exception.py", line 55, in inner
    response = get_response(request)
               ^^^^^^^^^^^^^^^^^^^^^
  File "C:\users\demet\onedrive\desktop\pythonapps\alivente-online\code\Lib\site-packages\django\core\handlers\base.py", line 197, in _get_response
    response = wrapped_callback(request, *callback_args, **callback_kwargs)
               ^^^^^^^^^^^^^^^^^^^^^^^^^^^^^^^^^^^^^^^^^^^^^^^^^^^^^^^^^^^^
  File "C:\users\demet\onedrive\desktop\pythonapps\alivente-online\code\Lib\site-packages\django\contrib\auth\decorators.py", line 60, in _view_wrapper
    return view_func(request, *args, **kwargs)
           ^^^^^^^^^^^^^^^^^^^^^^^^^^^^^^^^^^^
  File "C:\users\demet\onedrive\desktop\pythonapps\alivente-online\pages\views.py", line 3094, in admin_invoices
    open_invoices.create_invoices(months[today.month],today.year,request)
  File "C:\users\demet\onedrive\desktop\pythonapps\alivente-online\open_invoices.py", line 120, in create_invoices
    auth_plugin=settings.DATABASES['default']['AUTH_PLUGIN'],
                ~~~~~~~~~~~~~~~~~~~~~~~~~~~~~^^^^^^^^^^^^^^^
KeyError: 'AUTH_PLUGIN'
ERROR 2025-09-26 22:56:36,180 basehttp 12828 44560 "GET /admin_invoices/ HTTP/1.1" 500 81489
ERROR 2025-09-27 07:39:22,209 log 17748 43436 Internal Server Error: /property/1/profit-loss/
Traceback (most recent call last):
  File "C:\users\demet\onedrive\desktop\pythonapps\alivente-online\code\Lib\site-packages\django\core\handlers\exception.py", line 55, in inner
    response = get_response(request)
               ^^^^^^^^^^^^^^^^^^^^^
  File "C:\users\demet\onedrive\desktop\pythonapps\alivente-online\code\Lib\site-packages\django\core\handlers\base.py", line 197, in _get_response
    response = wrapped_callback(request, *callback_args, **callback_kwargs)
               ^^^^^^^^^^^^^^^^^^^^^^^^^^^^^^^^^^^^^^^^^^^^^^^^^^^^^^^^^^^^
  File "C:\users\demet\onedrive\desktop\pythonapps\alivente-online\code\Lib\site-packages\django\contrib\auth\decorators.py", line 60, in _view_wrapper
    return view_func(request, *args, **kwargs)
           ^^^^^^^^^^^^^^^^^^^^^^^^^^^^^^^^^^^
  File "C:\users\demet\onedrive\desktop\pythonapps\alivente-online\pages\views.py", line 3387, in dashboard_pl
    print(f"ID: {exp.id}")
                 ^^^^^^
AttributeError: 'act_expense' object has no attribute 'id'
ERROR 2025-09-27 07:39:22,221 basehttp 17748 43436 "GET /property/1/profit-loss/ HTTP/1.1" 500 76593
ERROR 2025-09-27 13:22:24,131 views 41708 13008 Template file not found: C:\Users\demet\OneDrive\Desktop\PythonApps\Alivente-Online\pages\templates\lease_templates/cyprus_greek_lease_template.docx
ERROR 2025-09-27 13:39:44,797 views 41708 23236 Error in generate_lease_document: Unexpected end of template. Jinja was looking for the following tags: 'elif' or 'else' or 'endif'. The innermost block that needs to be closed is 'if'.
ERROR 2025-09-27 13:40:56,798 views 41708 23236 Error in generate_lease_document: Unexpected end of template. Jinja was looking for the following tags: 'elif' or 'else' or 'endif'. The innermost block that needs to be closed is 'if'.
ERROR 2025-09-28 09:00:04,093 views 16992 25800 Error in generate_lease_document: cannot access local variable 'tenant_contact_person' where it is not associated with a value
ERROR 2025-09-28 13:00:57,316 views 46360 10716 Error in generate_lease_document: cannot access local variable 'tenant_contact_person' where it is not associated with a value
ERROR 2025-09-28 13:08:34,998 views 22820 20100 Error in generate_lease_document: cannot access local variable 'tenant_contact_person' where it is not associated with a value
ERROR 2025-09-29 12:44:13,286 views 24060 172 Error in generate_lease_document: could not convert string to float: ''
